[2026-08-17 05:01:34 UTC] === ITERATIVE LOOP v2 START ===
[2026-08-17 05:01:34 UTC] --- T-101: implement_tool (up to 3 generations) ---
[2026-08-17 05:01:34 UTC]   Generation 1/3...
[2026-08-17 05:01:58 UTC]     Score: 9/10 | Verifier: PASS
[2026-08-17 05:01:58 UTC]     Converged at generation 1 (score 9). Stopping early.
[2026-08-17 05:01:58 UTC]   BEST: generation 1, score 9/10, verifier passed
[2026-08-17 05:02:05 UTC] --- T-102: hallucination_audit (up to 3 generations) ---
[2026-08-17 05:02:05 UTC]   Generation 1/3...
[2026-08-17 05:02:09 UTC]     Score: 6/10 | Verifier: PASS
[2026-08-17 05:02:16 UTC]     Critique received. Feeding back into generation 2...
[2026-08-17 05:02:16 UTC]   Generation 2/3...
[2026-08-17 05:02:23 UTC]     Score: 7/10 | Verifier: PASS
[2026-08-17 05:02:25 UTC]     Critique received. Feeding back into generation 3...
[2026-08-17 05:02:25 UTC]   Generation 3/3...
[2026-08-17 05:02:29 UTC]     Score: 8/10 | Verifier: PASS
[2026-08-17 05:02:29 UTC]   BEST: generation 3, score 8/10, verifier passed
[2026-08-17 05:02:36 UTC] --- T-103: implement_tool (up to 3 generations) ---
[2026-08-17 05:02:36 UTC]   Generation 1/3...
[2026-08-17 05:02:40 UTC]     Score: 8/10 | Verifier: PASS
[2026-08-17 05:02:46 UTC]     Critique received. Feeding back into generation 2...
[2026-08-17 05:02:46 UTC]   Generation 2/3...
[2026-08-17 05:02:52 UTC]     Score: 2/10 | Verifier: FAIL
[2026-08-17 05:02:57 UTC]     Critique received. Feeding back into generation 3...
[2026-08-17 05:02:57 UTC]   Generation 3/3...
[2026-08-17 05:02:59 UTC]     Score: 2/10 | Verifier: FAIL
[2026-08-17 05:02:59 UTC]   BEST: generation 1, score 8/10, verifier passed
[2026-08-17 05:03:06 UTC] --- T-104: implement_tool (up to 3 generations) ---
[2026-08-17 05:03:06 UTC]   Generation 1/3...
[2026-08-17 05:03:15 UTC]     Score: 2/10 | Verifier: FAIL
[2026-08-17 05:03:17 UTC]     Critique received. Feeding back into generation 2...
[2026-08-17 05:03:17 UTC]   Generation 2/3...
[2026-08-17 05:03:21 UTC]     Score: 2/10 | Verifier: FAIL
[2026-08-17 05:03:24 UTC]     Critique received. Feeding back into generation 3...
[2026-08-17 05:03:24 UTC]   Generation 3/3...
[2026-08-17 05:03:32 UTC]     Score: 2/10 | Verifier: FAIL
[2026-08-17 05:03:32 UTC]   BEST: generation 1, score 2/10, verifier failed
[2026-08-17 05:03:39 UTC] --- T-105: implement_tool (up to 3 generations) ---
[2026-08-17 05:03:39 UTC]   Generation 1/3...
[2026-08-17 05:03:42 UTC]     Score: 1/10 | Verifier: FAIL
[2026-08-17 05:03:45 UTC]     Critique received. Feeding back into generation 2...
[2026-08-17 05:03:45 UTC]   Generation 2/3...
[2026-08-17 05:03:48 UTC]     Score: 1/10 | Verifier: FAIL
[2026-08-17 05:03:52 UTC]     Critique received. Feeding back into generation 3...
[2026-08-17 05:03:52 UTC]   Generation 3/3...
[2026-08-17 05:03:57 UTC]     Score: 1/10 | Verifier: FAIL
[2026-08-17 05:03:57 UTC]   BEST: generation 1, score 1/10, verifier failed
[2026-08-17 05:04:04 UTC] --- T-106: implement_tool (up to 3 generations) ---
[2026-08-17 05:04:04 UTC]   Generation 1/3...
[2026-08-17 05:04:12 UTC]     Score: 8/10 | Verifier: PASS
[2026-08-17 05:04:16 UTC]     Critique received. Feeding back into generation 2...
[2026-08-17 05:04:16 UTC]   Generation 2/3...
[2026-08-17 05:04:25 UTC]     Score: 7/10 | Verifier: PASS
[2026-08-17 05:04:31 UTC]     Critique received. Feeding back into generation 3...
[2026-08-17 05:04:31 UTC]   Generation 3/3...
[2026-08-17 05:04:36 UTC]     Score: 7/10 | Verifier: PASS
[2026-08-17 05:04:36 UTC]   BEST: generation 1, score 8/10, verifier passed
[2026-08-17 05:04:43 UTC] --- T-107: generate_sql (up to 3 generations) ---
[2026-08-17 05:04:43 UTC]   Generation 1/3...
[2026-08-17 05:04:54 UTC]     Score: 8/10 | Verifier: PASS
[2026-08-17 05:04:58 UTC]     Critique received. Feeding back into generation 2...
[2026-08-17 05:04:58 UTC]   Generation 2/3...
[2026-08-17 05:05:03 UTC]     Score: 8/10 | Verifier: PASS
[2026-08-17 05:05:05 UTC]     Critique received. Feeding back into generation 3...
[2026-08-17 05:05:05 UTC]   Generation 3/3...
[2026-08-17 05:05:09 UTC]     Score: 8/10 | Verifier: PASS
[2026-08-17 05:05:09 UTC]   BEST: generation 1, score 8/10, verifier passed
[2026-08-17 05:05:16 UTC] --- T-108: generate_sql (up to 3 generations) ---
[2026-08-17 05:05:16 UTC]   Generation 1/3...
[2026-08-17 05:05:17 UTC]     Score: 6/10 | Verifier: PASS
[2026-08-17 05:05:20 UTC]     Critique received. Feeding back into generation 2...
[2026-08-17 05:05:20 UTC]   Generation 2/3...
[2026-08-17 05:05:22 UTC]     Score: 6/10 | Verifier: PASS
[2026-08-17 05:05:24 UTC]     Critique received. Feeding back into generation 3...
[2026-08-17 05:05:24 UTC]   Generation 3/3...
[2026-08-17 05:05:27 UTC]     Score: 7/10 | Verifier: PASS
[2026-08-17 05:05:27 UTC]   BEST: generation 3, score 7/10, verifier passed
[2026-08-17 05:05:34 UTC] --- T-109: expand_runbook (up to 3 generations) ---
[2026-08-17 05:05:34 UTC]   Generation 1/3...
[2026-08-17 05:05:37 UTC]     Score: 7/10 | Verifier: PASS
[2026-08-17 05:05:42 UTC]     Critique received. Feeding back into generation 2...
[2026-08-17 05:05:42 UTC]   Generation 2/3...
[2026-08-17 05:05:45 UTC]     Score: 8/10 | Verifier: PASS
[2026-08-17 05:05:49 UTC]     Critique received. Feeding back into generation 3...
[2026-08-17 05:05:49 UTC]   Generation 3/3...
[2026-08-17 05:05:59 UTC]     Score: 7/10 | Verifier: PASS
[2026-08-17 05:05:59 UTC]   BEST: generation 2, score 8/10, verifier passed
[2026-08-17 05:06:06 UTC] --- T-110: expand_runbook (up to 3 generations) ---
[2026-08-17 05:06:06 UTC]   Generation 1/3...
[2026-08-17 05:06:17 UTC]     Score: 8/10 | Verifier: PASS
[2026-08-17 05:06:22 UTC]     Critique received. Feeding back into generation 2...
[2026-08-17 05:06:22 UTC]   Generation 2/3...
[2026-08-17 05:06:38 UTC]     Score: 9/10 | Verifier: PASS
[2026-08-17 05:06:38 UTC]     Converged at generation 2 (score 9). Stopping early.
[2026-08-17 05:06:38 UTC]   BEST: generation 2, score 9/10, verifier passed
[2026-08-17 05:06:45 UTC] === ITERATIVE LOOP v2 COMPLETE ===
[2026-08-17 05:06:45 UTC]   Passed: 8 | Failed: 2
