[2026-08-17 05:31:08 UTC] === ITERATIVE LOOP v3 (SLEEP-SAFE) START ===
[2026-08-17 05:31:08 UTC] ========== STARTING SWEEP 1/2 ==========
[2026-08-17 05:31:08 UTC] --- [Sweep 1] T-201: implement_tool ---
[2026-08-17 05:31:11 UTC]     Gen 1 | Score: 10/10 | Verifier: PASS
[2026-08-17 05:31:11 UTC]     Target score 9 reached! Moving on.
[2026-08-17 05:31:18 UTC] --- [Sweep 1] T-202: implement_tool ---
[2026-08-17 05:31:19 UTC]     Gen 1 | Score: 9/10 | Verifier: PASS
[2026-08-17 05:31:19 UTC]     Target score 9 reached! Moving on.
[2026-08-17 05:31:26 UTC] --- [Sweep 1] T-203: implement_tool ---
[2026-08-17 05:31:28 UTC]     Gen 1 | Score: 8/10 | Verifier: PASS
[2026-08-17 05:31:32 UTC]     Gen 2 | Score: 9/10 | Verifier: PASS
[2026-08-17 05:31:32 UTC]     Target score 9 reached! Moving on.
[2026-08-17 05:31:39 UTC] --- [Sweep 1] T-204: implement_tool ---
[2026-08-17 05:31:41 UTC]     Gen 1 | Score: 8/10 | Verifier: PASS
[2026-08-17 05:31:46 UTC]     Gen 2 | Score: 9/10 | Verifier: PASS
[2026-08-17 05:31:46 UTC]     Target score 9 reached! Moving on.
[2026-08-17 05:31:53 UTC] --- [Sweep 1] T-205: implement_tool ---
[2026-08-17 05:31:55 UTC]     Gen 1 | Score: 9/10 | Verifier: PASS
[2026-08-17 05:31:55 UTC]     Target score 9 reached! Moving on.
[2026-08-17 05:32:02 UTC] --- [Sweep 1] T-206: implement_tool ---
[2026-08-17 05:32:04 UTC]     Gen 1 | Score: 8/10 | Verifier: PASS
[2026-08-17 05:32:07 UTC]     Gen 2 | Score: 9/10 | Verifier: PASS
[2026-08-17 05:32:07 UTC]     Target score 9 reached! Moving on.
[2026-08-17 05:32:14 UTC] --- [Sweep 1] T-207: implement_tool ---
[2026-08-17 05:32:16 UTC]     Gen 1 | Score: 9/10 | Verifier: PASS
[2026-08-17 05:32:16 UTC]     Target score 9 reached! Moving on.
[2026-08-17 05:32:23 UTC] --- [Sweep 1] T-208: implement_tool ---
[2026-08-17 05:32:26 UTC]     Gen 1 | Score: 9/10 | Verifier: PASS
[2026-08-17 05:32:26 UTC]     Target score 9 reached! Moving on.
[2026-08-17 05:32:33 UTC] --- [Sweep 1] T-209: implement_tool ---
[2026-08-17 05:32:34 UTC]     Gen 1 | Score: 9/10 | Verifier: PASS
[2026-08-17 05:32:34 UTC]     Target score 9 reached! Moving on.
[2026-08-17 05:32:41 UTC] --- [Sweep 1] T-210: implement_tool ---
[2026-08-17 05:32:44 UTC]     Gen 1 | Score: 9/10 | Verifier: PASS
[2026-08-17 05:32:44 UTC]     Target score 9 reached! Moving on.
[2026-08-17 05:32:51 UTC] --- [Sweep 1] T-211: implement_tool ---
[2026-08-17 05:32:53 UTC]     Gen 1 | Score: 9/10 | Verifier: PASS
[2026-08-17 05:32:53 UTC]     Target score 9 reached! Moving on.
[2026-08-17 05:33:00 UTC] --- [Sweep 1] T-212: implement_tool ---
[2026-08-17 05:33:03 UTC]     Gen 1 | Score: 9/10 | Verifier: PASS
[2026-08-17 05:33:03 UTC]     Target score 9 reached! Moving on.
[2026-08-17 05:33:10 UTC] --- [Sweep 1] T-213: generate_sql ---
[2026-08-17 05:33:13 UTC]     Gen 1 | Score: 9/10 | Verifier: PASS
[2026-08-17 05:33:13 UTC]     Target score 9 reached! Moving on.
[2026-08-17 05:33:20 UTC] --- [Sweep 1] T-214: implement_tool ---
[2026-08-17 05:33:22 UTC]     Gen 1 | Score: 10/10 | Verifier: PASS
[2026-08-17 05:33:22 UTC]     Target score 9 reached! Moving on.
[2026-08-17 05:33:29 UTC] --- [Sweep 1] T-215: implement_tool ---
[2026-08-17 05:33:31 UTC]     Gen 1 | Score: 2/10 | Verifier: FAIL
[2026-08-17 05:33:34 UTC]     Gen 2 | Score: 3/10 | Verifier: FAIL
[2026-08-17 05:33:38 UTC]     Gen 3 | Score: 3/10 | Verifier: FAIL
[2026-08-17 05:33:43 UTC]     Gen 4 | Score: 3/10 | Verifier: FAIL
[2026-08-17 05:33:47 UTC]     Gen 5 | Score: 3/10 | Verifier: FAIL
[2026-08-17 05:33:54 UTC] ========== STARTING SWEEP 2/2 ==========
[2026-08-17 05:33:54 UTC] --- [Sweep 2] T-215: implement_tool ---
[2026-08-17 05:33:56 UTC]     Gen 1 | Score: 2/10 | Verifier: FAIL
[2026-08-17 05:34:01 UTC]     Gen 2 | Score: 3/10 | Verifier: FAIL
[2026-08-17 05:34:03 UTC]     Gen 3 | Score: 3/10 | Verifier: FAIL
[2026-08-17 05:34:04 UTC]     Rate limit. Sleeping 60s...
[2026-08-17 05:35:07 UTC]     Gen 4 | Score: 2/10 | Verifier: FAIL
[2026-08-17 05:35:11 UTC]     Gen 5 | Score: 3/10 | Verifier: FAIL
[2026-08-17 05:35:18 UTC] === SAVING BEST OUTPUTS ===
[2026-08-17 05:35:18 UTC]   T-201: Final Score 10/10 | passed
[2026-08-17 05:35:18 UTC]   T-202: Final Score 9/10 | passed
[2026-08-17 05:35:18 UTC]   T-203: Final Score 9/10 | passed
[2026-08-17 05:35:19 UTC]   T-204: Final Score 9/10 | passed
[2026-08-17 05:35:19 UTC]   T-205: Final Score 9/10 | passed
[2026-08-17 05:35:19 UTC]   T-206: Final Score 9/10 | passed
[2026-08-17 05:35:19 UTC]   T-207: Final Score 9/10 | passed
[2026-08-17 05:35:19 UTC]   T-208: Final Score 9/10 | passed
[2026-08-17 05:35:19 UTC]   T-209: Final Score 9/10 | passed
[2026-08-17 05:35:19 UTC]   T-210: Final Score 9/10 | passed
[2026-08-17 05:35:19 UTC]   T-211: Final Score 9/10 | passed
[2026-08-17 05:35:19 UTC]   T-212: Final Score 9/10 | passed
[2026-08-17 05:35:19 UTC]   T-213: Final Score 9/10 | passed
[2026-08-17 05:35:19 UTC]   T-214: Final Score 10/10 | passed
[2026-08-17 05:35:19 UTC]   T-215: Final Score 3/10 | failed
[2026-08-17 05:35:19 UTC] === LOOP COMPLETE === API Calls Used: 39/850
