[2026-08-17 14:26:26 UTC] === ITERATIVE LOOP v3 (SLEEP-SAFE) START ===
[2026-08-17 14:26:26 UTC] ========== STARTING SWEEP 1/2 ==========
[2026-08-17 14:26:26 UTC] --- [Sweep 1] T-301: implement_tool ---
[2026-08-17 14:26:28 UTC]     Gen 1 | Score: 10/10 | Verifier: PASS
[2026-08-17 14:26:28 UTC]     Target score 9 reached! Moving on.
[2026-08-17 14:26:35 UTC] --- [Sweep 1] T-302: implement_tool ---
[2026-08-17 14:26:39 UTC]     Gen 1 | Score: 10/10 | Verifier: PASS
[2026-08-17 14:26:39 UTC]     Target score 9 reached! Moving on.
[2026-08-17 14:26:46 UTC] --- [Sweep 1] T-303: implement_tool ---
[2026-08-17 14:26:51 UTC]     Gen 1 | Score: 10/10 | Verifier: PASS
[2026-08-17 14:26:51 UTC]     Target score 9 reached! Moving on.
[2026-08-17 14:26:58 UTC] --- [Sweep 1] T-304: implement_tool ---
[2026-08-17 14:27:08 UTC]     Gen 1 | Score: 10/10 | Verifier: PASS
[2026-08-17 14:27:08 UTC]     Target score 9 reached! Moving on.
[2026-08-17 14:27:15 UTC] --- [Sweep 1] T-305: implement_tool ---
[2026-08-17 14:27:20 UTC]     Gen 1 | Score: 10/10 | Verifier: PASS
[2026-08-17 14:27:20 UTC]     Target score 9 reached! Moving on.
[2026-08-17 14:27:27 UTC] --- [Sweep 1] T-306: implement_tool ---
[2026-08-17 14:27:30 UTC]     Gen 1 | Score: 10/10 | Verifier: PASS
[2026-08-17 14:27:30 UTC]     Target score 9 reached! Moving on.
[2026-08-17 14:27:37 UTC] --- [Sweep 1] T-307: implement_tool ---
[2026-08-17 14:27:39 UTC]     Gen 1 | Score: 10/10 | Verifier: PASS
[2026-08-17 14:27:39 UTC]     Target score 9 reached! Moving on.
[2026-08-17 14:27:46 UTC] --- [Sweep 1] T-308: generate_config ---
[2026-08-17 14:27:49 UTC]     Gen 1 | Score: 6/10 | Verifier: PASS
[2026-08-17 14:28:01 UTC]     Gen 2 | Score: 6/10 | Verifier: PASS
[2026-08-17 14:28:14 UTC]     Gen 3 | Score: 7/10 | Verifier: PASS
[2026-08-17 14:28:23 UTC]     Gen 4 | Score: 6/10 | Verifier: PASS
[2026-08-17 14:28:40 UTC]     Gen 5 | Score: 6/10 | Verifier: PASS
[2026-08-17 14:28:47 UTC] --- [Sweep 1] T-309: generate_config ---
[2026-08-17 14:28:52 UTC]     Gen 1 | Score: 5/10 | Verifier: PASS
[2026-08-17 14:28:56 UTC]     Gen 2 | Score: 5/10 | Verifier: PASS
[2026-08-17 14:29:02 UTC]     Gen 3 | Score: 5/10 | Verifier: PASS
[2026-08-17 14:29:04 UTC]     Gen 4 | Score: 5/10 | Verifier: PASS
[2026-08-17 14:29:11 UTC]     Gen 5 | Score: 5/10 | Verifier: PASS
[2026-08-17 14:29:18 UTC] --- [Sweep 1] T-310: generate_config ---
[2026-08-17 14:29:19 UTC]     Gen 1 | Score: 5/10 | Verifier: PASS
[2026-08-17 14:29:21 UTC]     Gen 2 | Score: 5/10 | Verifier: PASS
[2026-08-17 14:29:23 UTC]     Gen 3 | Score: 5/10 | Verifier: PASS
[2026-08-17 14:29:28 UTC]     Gen 4 | Score: 5/10 | Verifier: PASS
[2026-08-17 14:29:31 UTC]     Gen 5 | Score: 5/10 | Verifier: PASS
[2026-08-17 14:29:38 UTC] --- [Sweep 1] T-311: generate_config ---
[2026-08-17 14:29:44 UTC]     Gen 1 | Score: 5/10 | Verifier: PASS
[2026-08-17 14:29:52 UTC]     Gen 2 | Score: 6/10 | Verifier: PASS
[2026-08-17 14:29:58 UTC]     Gen 3 | Score: 6/10 | Verifier: PASS
[2026-08-17 14:30:01 UTC]     Gen 4 | Score: 6/10 | Verifier: PASS
[2026-08-17 14:30:04 UTC]     Gen 5 | Score: 7/10 | Verifier: PASS
[2026-08-17 14:30:11 UTC] --- [Sweep 1] T-312: expand_runbook ---
[2026-08-17 14:30:18 UTC]     Gen 1 | Score: 9/10 | Verifier: PASS
[2026-08-17 14:30:18 UTC]     Target score 9 reached! Moving on.
[2026-08-17 14:30:25 UTC] --- [Sweep 1] T-313: expand_runbook ---
[2026-08-17 14:30:31 UTC]     Gen 1 | Score: 9/10 | Verifier: PASS
[2026-08-17 14:30:31 UTC]     Target score 9 reached! Moving on.
[2026-08-17 14:30:38 UTC] --- [Sweep 1] T-314: implement_tool ---
[2026-08-17 14:30:43 UTC]     Gen 1 | Score: 3/10 | Verifier: FAIL
[2026-08-17 14:30:47 UTC]     Gen 2 | Score: 4/10 | Verifier: FAIL
[2026-08-17 14:30:57 UTC]     Gen 3 | Score: 4/10 | Verifier: FAIL
[2026-08-17 14:31:05 UTC]     Gen 4 | Score: 3/10 | Verifier: FAIL
[2026-08-17 14:31:10 UTC]     Gen 5 | Score: 4/10 | Verifier: FAIL
[2026-08-17 14:31:17 UTC] --- [Sweep 1] T-315: implement_tool ---
[2026-08-17 14:31:20 UTC]     Gen 1 | Score: 3/10 | Verifier: FAIL
[2026-08-17 14:31:24 UTC]     Gen 2 | Score: 3/10 | Verifier: FAIL
[2026-08-17 14:31:30 UTC]     Gen 3 | Score: 9/10 | Verifier: PASS
[2026-08-17 14:31:30 UTC]     Target score 9 reached! Moving on.
[2026-08-17 14:31:38 UTC] ========== STARTING SWEEP 2/2 ==========
[2026-08-17 14:31:38 UTC] --- [Sweep 2] T-308: generate_config ---
[2026-08-17 14:31:39 UTC]     Gen 1 | Score: 6/10 | Verifier: PASS
[2026-08-17 14:31:45 UTC]     Gen 2 | Score: 7/10 | Verifier: PASS
[2026-08-17 14:31:50 UTC]     Gen 3 | Score: 6/10 | Verifier: PASS
[2026-08-17 14:32:01 UTC]     Gen 4 | Score: 6/10 | Verifier: PASS
[2026-08-17 14:32:10 UTC]     Gen 5 | Score: 6/10 | Verifier: PASS
[2026-08-17 14:32:17 UTC] --- [Sweep 2] T-309: generate_config ---
[2026-08-17 14:32:18 UTC]     Gen 1 | Score: 5/10 | Verifier: PASS
[2026-08-17 14:32:25 UTC]     Gen 2 | Score: 5/10 | Verifier: PASS
[2026-08-17 14:32:27 UTC]     Gen 3 | Score: 0/10 | Verifier: FAIL
[2026-08-17 14:32:29 UTC]     Gen 4 | Score: 0/10 | Verifier: FAIL
[2026-08-17 14:32:32 UTC]     Gen 5 | Score: 0/10 | Verifier: FAIL
[2026-08-17 14:32:39 UTC] --- [Sweep 2] T-310: generate_config ---
[2026-08-17 14:32:41 UTC]     Gen 1 | Score: 5/10 | Verifier: PASS
[2026-08-17 14:32:48 UTC]     Gen 2 | Score: 5/10 | Verifier: PASS
[2026-08-17 14:32:51 UTC]     Gen 3 | Score: 5/10 | Verifier: PASS
[2026-08-17 14:32:53 UTC]     Gen 4 | Score: 6/10 | Verifier: PASS
[2026-08-17 14:32:55 UTC]     Gen 5 | Score: 5/10 | Verifier: PASS
[2026-08-17 14:33:02 UTC] --- [Sweep 2] T-311: generate_config ---
[2026-08-17 14:33:03 UTC]     Gen 1 | Score: 5/10 | Verifier: PASS
[2026-08-17 14:33:10 UTC]     Rate limit. Sleeping 60s...
[2026-08-17 14:34:12 UTC]     Gen 2 | Score: 7/10 | Verifier: PASS
[2026-08-17 14:34:14 UTC]     Gen 3 | Score: 5/10 | Verifier: PASS
[2026-08-17 14:34:23 UTC]     Gen 4 | Score: 7/10 | Verifier: PASS
[2026-08-17 14:34:25 UTC]     Gen 5 | Score: 5/10 | Verifier: PASS
[2026-08-17 14:34:32 UTC] --- [Sweep 2] T-314: implement_tool ---
[2026-08-17 14:34:35 UTC]     Gen 1 | Score: 3/10 | Verifier: FAIL
[2026-08-17 14:34:41 UTC]     Gen 2 | Score: 4/10 | Verifier: FAIL
[2026-08-17 14:34:48 UTC]     Gen 3 | Score: 3/10 | Verifier: FAIL
[2026-08-17 14:34:53 UTC]     Gen 4 | Score: 4/10 | Verifier: FAIL
[2026-08-17 14:34:58 UTC]     Gen 5 | Score: 3/10 | Verifier: FAIL
[2026-08-17 14:35:05 UTC] === SAVING BEST OUTPUTS ===
[2026-08-17 14:35:05 UTC]   T-301: Final Score 10/10 | passed
[2026-08-17 14:35:05 UTC]   T-302: Final Score 10/10 | passed
[2026-08-17 14:35:05 UTC]   T-303: Final Score 10/10 | passed
[2026-08-17 14:35:05 UTC]   T-304: Final Score 10/10 | passed
[2026-08-17 14:35:05 UTC]   T-305: Final Score 10/10 | passed
[2026-08-17 14:35:05 UTC]   T-306: Final Score 10/10 | passed
[2026-08-17 14:35:05 UTC]   T-307: Final Score 10/10 | passed
[2026-08-17 14:35:05 UTC]   T-308: Final Score 7/10 | passed
[2026-08-17 14:35:05 UTC]   T-309: Final Score 5/10 | passed
[2026-08-17 14:35:05 UTC]   T-310: Final Score 6/10 | passed
[2026-08-17 14:35:05 UTC]   T-311: Final Score 7/10 | passed
[2026-08-17 14:35:05 UTC]   T-312: Final Score 9/10 | passed
[2026-08-17 14:35:05 UTC]   T-313: Final Score 9/10 | passed
[2026-08-17 14:35:05 UTC]   T-314: Final Score 4/10 | failed
[2026-08-17 14:35:05 UTC]   T-315: Final Score 9/10 | passed
[2026-08-17 14:35:05 UTC] === LOOP COMPLETE === API Calls Used: 105/850
