[2026-08-17 05:37:50 UTC] === ITERATIVE LOOP v3 (SLEEP-SAFE) START ===
[2026-08-17 05:37:50 UTC] ========== STARTING SWEEP 1/2 ==========
[2026-08-17 05:37:50 UTC] --- [Sweep 1] T-201: implement_tool ---
[2026-08-17 05:37:52 UTC]     Gen 1 | Score: 10/10 | Verifier: PASS
[2026-08-17 05:37:52 UTC]     Target score 9 reached! Moving on.
[2026-08-17 05:37:59 UTC] --- [Sweep 1] T-202: implement_tool ---
[2026-08-17 05:38:01 UTC]     Gen 1 | Score: 9/10 | Verifier: PASS
[2026-08-17 05:38:01 UTC]     Target score 9 reached! Moving on.
[2026-08-17 05:38:08 UTC] --- [Sweep 1] T-203: implement_tool ---
[2026-08-17 05:38:09 UTC]     Gen 1 | Score: 8/10 | Verifier: PASS
[2026-08-17 05:38:13 UTC]     Gen 2 | Score: 9/10 | Verifier: PASS
[2026-08-17 05:38:13 UTC]     Target score 9 reached! Moving on.
[2026-08-17 05:38:20 UTC] --- [Sweep 1] T-204: implement_tool ---
[2026-08-17 05:38:23 UTC]     Gen 1 | Score: 8/10 | Verifier: PASS
[2026-08-17 05:38:26 UTC]     Gen 2 | Score: 9/10 | Verifier: PASS
[2026-08-17 05:38:26 UTC]     Target score 9 reached! Moving on.
[2026-08-17 05:38:34 UTC] --- [Sweep 1] T-205: implement_tool ---
[2026-08-17 05:38:36 UTC]     Gen 1 | Score: 10/10 | Verifier: PASS
[2026-08-17 05:38:36 UTC]     Target score 9 reached! Moving on.
[2026-08-17 05:38:43 UTC] --- [Sweep 1] T-206: implement_tool ---
[2026-08-17 05:38:45 UTC]     Gen 1 | Score: 8/10 | Verifier: PASS
[2026-08-17 05:38:47 UTC]     Gen 2 | Score: 8/10 | Verifier: PASS
[2026-08-17 05:38:51 UTC]     Gen 3 | Score: 8/10 | Verifier: PASS
[2026-08-17 05:38:54 UTC]     Gen 4 | Score: 9/10 | Verifier: PASS
[2026-08-17 05:38:54 UTC]     Target score 9 reached! Moving on.
[2026-08-17 05:39:01 UTC] --- [Sweep 1] T-207: implement_tool ---
[2026-08-17 05:39:01 UTC]     Rate limit. Sleeping 60s...
[2026-08-17 05:40:04 UTC]     Gen 1 | Score: 9/10 | Verifier: PASS
[2026-08-17 05:40:04 UTC]     Target score 9 reached! Moving on.
[2026-08-17 05:40:11 UTC] --- [Sweep 1] T-208: implement_tool ---
[2026-08-17 05:40:13 UTC]     Gen 1 | Score: 10/10 | Verifier: PASS
[2026-08-17 05:40:13 UTC]     Target score 9 reached! Moving on.
[2026-08-17 05:40:20 UTC] --- [Sweep 1] T-209: implement_tool ---
[2026-08-17 05:40:22 UTC]     Gen 1 | Score: 9/10 | Verifier: PASS
[2026-08-17 05:40:22 UTC]     Target score 9 reached! Moving on.
[2026-08-17 05:40:29 UTC] --- [Sweep 1] T-210: implement_tool ---
[2026-08-17 05:40:31 UTC]     Gen 1 | Score: 4/10 | Verifier: FAIL
[2026-08-17 05:40:35 UTC]     Gen 2 | Score: 9/10 | Verifier: PASS
[2026-08-17 05:40:35 UTC]     Target score 9 reached! Moving on.
[2026-08-17 05:40:42 UTC] --- [Sweep 1] T-211: implement_tool ---
[2026-08-17 05:40:45 UTC]     Gen 1 | Score: 10/10 | Verifier: PASS
[2026-08-17 05:40:45 UTC]     Target score 9 reached! Moving on.
[2026-08-17 05:40:52 UTC] --- [Sweep 1] T-212: implement_tool ---
[2026-08-17 05:40:54 UTC]     Gen 1 | Score: 9/10 | Verifier: PASS
[2026-08-17 05:40:54 UTC]     Target score 9 reached! Moving on.
[2026-08-17 05:41:01 UTC] --- [Sweep 1] T-213: generate_sql ---
[2026-08-17 05:41:04 UTC]     Gen 1 | Score: 9/10 | Verifier: PASS
[2026-08-17 05:41:04 UTC]     Target score 9 reached! Moving on.
[2026-08-17 05:41:11 UTC] --- [Sweep 1] T-214: implement_tool ---
[2026-08-17 05:41:13 UTC]     Gen 1 | Score: 10/10 | Verifier: PASS
[2026-08-17 05:41:13 UTC]     Target score 9 reached! Moving on.
[2026-08-17 05:41:20 UTC] --- [Sweep 1] T-215: implement_tool ---
[2026-08-17 05:41:22 UTC]     Gen 1 | Score: 3/10 | Verifier: FAIL
[2026-08-17 05:41:26 UTC]     Gen 2 | Score: 3/10 | Verifier: FAIL
[2026-08-17 05:41:30 UTC]     Gen 3 | Score: 3/10 | Verifier: FAIL
[2026-08-17 05:41:33 UTC]     Gen 4 | Score: 3/10 | Verifier: FAIL
[2026-08-17 05:41:37 UTC]     Gen 5 | Score: 3/10 | Verifier: FAIL
[2026-08-17 05:41:44 UTC] ========== STARTING SWEEP 2/2 ==========
[2026-08-17 05:41:44 UTC] --- [Sweep 2] T-215: implement_tool ---
[2026-08-17 05:41:46 UTC]     Gen 1 | Score: 2/10 | Verifier: FAIL
[2026-08-17 05:41:49 UTC]     Gen 2 | Score: 3/10 | Verifier: FAIL
[2026-08-17 05:41:53 UTC]     Gen 3 | Score: 3/10 | Verifier: FAIL
[2026-08-17 05:41:56 UTC]     Gen 4 | Score: 2/10 | Verifier: FAIL
[2026-08-17 05:41:56 UTC]     Rate limit. Sleeping 60s...
[2026-08-17 05:42:59 UTC]     Gen 5 | Score: 2/10 | Verifier: FAIL
[2026-08-17 05:43:06 UTC] === SAVING BEST OUTPUTS ===
[2026-08-17 05:43:06 UTC]   T-201: Final Score 10/10 | passed
[2026-08-17 05:43:06 UTC]   T-202: Final Score 9/10 | passed
[2026-08-17 05:43:06 UTC]   T-203: Final Score 9/10 | passed
[2026-08-17 05:43:06 UTC]   T-204: Final Score 9/10 | passed
[2026-08-17 05:43:06 UTC]   T-205: Final Score 10/10 | passed
[2026-08-17 05:43:06 UTC]   T-206: Final Score 9/10 | passed
[2026-08-17 05:43:06 UTC]   T-207: Final Score 9/10 | passed
[2026-08-17 05:43:06 UTC]   T-208: Final Score 10/10 | passed
[2026-08-17 05:43:06 UTC]   T-209: Final Score 9/10 | passed
[2026-08-17 05:43:06 UTC]   T-210: Final Score 9/10 | passed
[2026-08-17 05:43:06 UTC]   T-211: Final Score 10/10 | passed
[2026-08-17 05:43:06 UTC]   T-212: Final Score 9/10 | passed
[2026-08-17 05:43:06 UTC]   T-213: Final Score 9/10 | passed
[2026-08-17 05:43:06 UTC]   T-214: Final Score 10/10 | passed
[2026-08-17 05:43:06 UTC]   T-215: Final Score 3/10 | failed
[2026-08-17 05:43:06 UTC] === LOOP COMPLETE === API Calls Used: 46/850
